Archive member included to satisfy reference by file (symbol)

/home/andrlv/STM32/STM32CubeIDE/plugins/com.st.stm32cube.ide.mcu.externaltools.gnu-tools-for-stm32.9-2020-q2-update.linux64_2.0.0.202105311346/tools/bin/../lib/gcc/arm-none-eabi/9.3.1/../../../../arm-none-eabi/lib/thumb/v6-m/nofp/libc_nano.a(lib_a-errno.o)
                              ./Core/Src/syscalls.o (__errno)
/home/andrlv/STM32/STM32CubeIDE/plugins/com.st.stm32cube.ide.mcu.externaltools.gnu-tools-for-stm32.9-2020-q2-update.linux64_2.0.0.202105311346/tools/bin/../lib/gcc/arm-none-eabi/9.3.1/../../../../arm-none-eabi/lib/thumb/v6-m/nofp/libc_nano.a(lib_a-exit.o)
                              /home/andrlv/STM32/STM32CubeIDE/plugins/com.st.stm32cube.ide.mcu.externaltools.gnu-tools-for-stm32.9-2020-q2-update.linux64_2.0.0.202105311346/tools/bin/../lib/gcc/arm-none-eabi/9.3.1/../../../../arm-none-eabi/lib/thumb/v6-m/nofp/crt0.o (exit)
/home/andrlv/STM32/STM32CubeIDE/plugins/com.st.stm32cube.ide.mcu.externaltools.gnu-tools-for-stm32.9-2020-q2-update.linux64_2.0.0.202105311346/tools/bin/../lib/gcc/arm-none-eabi/9.3.1/../../../../arm-none-eabi/lib/thumb/v6-m/nofp/libc_nano.a(lib_a-impure.o)
                              /home/andrlv/STM32/STM32CubeIDE/plugins/com.st.stm32cube.ide.mcu.externaltools.gnu-tools-for-stm32.9-2020-q2-update.linux64_2.0.0.202105311346/tools/bin/../lib/gcc/arm-none-eabi/9.3.1/../../../../arm-none-eabi/lib/thumb/v6-m/nofp/libc_nano.a(lib_a-exit.o) (_global_impure_ptr)
/home/andrlv/STM32/STM32CubeIDE/plugins/com.st.stm32cube.ide.mcu.externaltools.gnu-tools-for-stm32.9-2020-q2-update.linux64_2.0.0.202105311346/tools/bin/../lib/gcc/arm-none-eabi/9.3.1/../../../../arm-none-eabi/lib/thumb/v6-m/nofp/libc_nano.a(lib_a-init.o)
                              /home/andrlv/STM32/STM32CubeIDE/plugins/com.st.stm32cube.ide.mcu.externaltools.gnu-tools-for-stm32.9-2020-q2-update.linux64_2.0.0.202105311346/tools/bin/../lib/gcc/arm-none-eabi/9.3.1/../../../../arm-none-eabi/lib/thumb/v6-m/nofp/crt0.o (__libc_init_array)
/home/andrlv/STM32/STM32CubeIDE/plugins/com.st.stm32cube.ide.mcu.externaltools.gnu-tools-for-stm32.9-2020-q2-update.linux64_2.0.0.202105311346/tools/bin/../lib/gcc/arm-none-eabi/9.3.1/../../../../arm-none-eabi/lib/thumb/v6-m/nofp/libc_nano.a(lib_a-memset.o)
                              /home/andrlv/STM32/STM32CubeIDE/plugins/com.st.stm32cube.ide.mcu.externaltools.gnu-tools-for-stm32.9-2020-q2-update.linux64_2.0.0.202105311346/tools/bin/../lib/gcc/arm-none-eabi/9.3.1/../../../../arm-none-eabi/lib/thumb/v6-m/nofp/crt0.o (memset)
/home/andrlv/STM32/STM32CubeIDE/plugins/com.st.stm32cube.ide.mcu.externaltools.gnu-tools-for-stm32.9-2020-q2-update.linux64_2.0.0.202105311346/tools/bin/../lib/gcc/arm-none-eabi/9.3.1/thumb/v6-m/nofp/libgcc.a(_udivsi3.o)
                              ./Core/Src/bmp180_for_stm32_hal.o (__aeabi_uidiv)
/home/andrlv/STM32/STM32CubeIDE/plugins/com.st.stm32cube.ide.mcu.externaltools.gnu-tools-for-stm32.9-2020-q2-update.linux64_2.0.0.202105311346/tools/bin/../lib/gcc/arm-none-eabi/9.3.1/thumb/v6-m/nofp/libgcc.a(_divsi3.o)
                              ./Core/Src/bmp180_for_stm32_hal.o (__aeabi_idiv)
/home/andrlv/STM32/STM32CubeIDE/plugins/com.st.stm32cube.ide.mcu.externaltools.gnu-tools-for-stm32.9-2020-q2-update.linux64_2.0.0.202105311346/tools/bin/../lib/gcc/arm-none-eabi/9.3.1/thumb/v6-m/nofp/libgcc.a(_dvmd_tls.o)
                              /home/andrlv/STM32/STM32CubeIDE/plugins/com.st.stm32cube.ide.mcu.externaltools.gnu-tools-for-stm32.9-2020-q2-update.linux64_2.0.0.202105311346/tools/bin/../lib/gcc/arm-none-eabi/9.3.1/thumb/v6-m/nofp/libgcc.a(_udivsi3.o) (__aeabi_idiv0)
/home/andrlv/STM32/STM32CubeIDE/plugins/com.st.stm32cube.ide.mcu.externaltools.gnu-tools-for-stm32.9-2020-q2-update.linux64_2.0.0.202105311346/tools/bin/../lib/gcc/arm-none-eabi/9.3.1/thumb/v6-m/nofp/libgcc.a(divdf3.o)
                              ./Core/Src/bmp180_for_stm32_hal.o (__aeabi_ddiv)
/home/andrlv/STM32/STM32CubeIDE/plugins/com.st.stm32cube.ide.mcu.externaltools.gnu-tools-for-stm32.9-2020-q2-update.linux64_2.0.0.202105311346/tools/bin/../lib/gcc/arm-none-eabi/9.3.1/thumb/v6-m/nofp/libgcc.a(floatsidf.o)
                              ./Core/Src/bmp180_for_stm32_hal.o (__aeabi_i2d)
/home/andrlv/STM32/STM32CubeIDE/plugins/com.st.stm32cube.ide.mcu.externaltools.gnu-tools-for-stm32.9-2020-q2-update.linux64_2.0.0.202105311346/tools/bin/../lib/gcc/arm-none-eabi/9.3.1/thumb/v6-m/nofp/libgcc.a(truncdfsf2.o)
                              ./Core/Src/bmp180_for_stm32_hal.o (__aeabi_d2f)
/home/andrlv/STM32/STM32CubeIDE/plugins/com.st.stm32cube.ide.mcu.externaltools.gnu-tools-for-stm32.9-2020-q2-update.linux64_2.0.0.202105311346/tools/bin/../lib/gcc/arm-none-eabi/9.3.1/thumb/v6-m/nofp/libgcc.a(_clzsi2.o)
[...]
Memory Configuration

Name             Origin             Length             Attributes
RAM              0x0000000020000000 0x0000000000002000 xrw
FLASH            0x0000000008000000 0x0000000000008000 xr
*default*        0x0000000000000000 0xffffffffffffffff

Linker script and memory map

LOAD /home/andrlv/STM32/STM32CubeIDE/plugins/com.st.stm32cube.ide.mcu.externaltools.gnu-tools-for-stm32.9-2020-q2-update.linux64_2.0.0.202105311346/tools/bin/../lib/gcc/arm-none-eabi/9.3.1/thumb/v6-m/nofp/crti.o
LOAD /home/andrlv/STM32/STM32CubeIDE/plugins/com.st.stm32cube.ide.mcu.externaltools.gnu-tools-for-stm32.9-2020-q2-update.linux64_2.0.0.202105311346/tools/bin/../lib/gcc/arm-none-eabi/9.3.1/thumb/v6-m/nofp/crtbegin.o
LOAD /home/andrlv/STM32/STM32CubeIDE/plugins/com.st.stm32cube.ide.mcu.externaltools.gnu-tools-for-stm32.9-2020-q2-update.linux64_2.0.0.202105311346/tools/bin/../lib/gcc/arm-none-eabi/9.3.1/../../../../arm-none-eabi/lib/thumb/v6-m/nofp/crt0.o
LOAD ./Core/Src/bmp180_for_stm32_hal.o
LOAD ./Core/Src/main.o
LOAD ./Core/Src/pr.o
LOAD ./Core/Src/stm32g0xx_hal_msp.o
LOAD ./Core/Src/stm32g0xx_it.o
LOAD ./Core/Src/syscalls.o
LOAD ./Core/Src/sysmem.o
LOAD ./Core/Src/system_stm32g0xx.o
LOAD ./Core/Startup/startup_stm32g030f6px.o
LOAD ./Drivers/STM32G0xx_HAL_Driver/Src/stm32g0xx_hal.o
LOAD ./Drivers/STM32G0xx_HAL_Driver/Src/stm32g0xx_hal_cortex.o
LOAD ./Drivers/STM32G0xx_HAL_Driver/Src/stm32g0xx_hal_dma.o
LOAD ./Drivers/STM32G0xx_HAL_Driver/Src/stm32g0xx_hal_dma_ex.o
LOAD ./Drivers/STM32G0xx_HAL_Driver/Src/stm32g0xx_hal_exti.o
LOAD ./Drivers/STM32G0xx_HAL_Driver/Src/stm32g0xx_hal_flash.o
LOAD ./Drivers/STM32G0xx_HAL_Driver/Src/stm32g0xx_hal_flash_ex.o
LOAD ./Drivers/STM32G0xx_HAL_Driver/Src/stm32g0xx_hal_gpio.o
LOAD ./Drivers/STM32G0xx_HAL_Driver/Src/stm32g0xx_hal_i2c.o
LOAD ./Drivers/STM32G0xx_HAL_Driver/Src/stm32g0xx_hal_i2c_ex.o
LOAD ./Drivers/STM32G0xx_HAL_Driver/Src/stm32g0xx_hal_pwr.o
LOAD ./Drivers/STM32G0xx_HAL_Driver/Src/stm32g0xx_hal_pwr_ex.o
LOAD ./Drivers/STM32G0xx_HAL_Driver/Src/stm32g0xx_hal_rcc.o
LOAD ./Drivers/STM32G0xx_HAL_Driver/Src/stm32g0xx_hal_rcc_ex.o
LOAD ./Drivers/STM32G0xx_HAL_Driver/Src/stm32g0xx_hal_tim.o
LOAD ./Drivers/STM32G0xx_HAL_Driver/Src/stm32g0xx_hal_tim_ex.o
LOAD ./Drivers/STM32G0xx_HAL_Driver/Src/stm32g0xx_hal_uart.o
LOAD ./Drivers/STM32G0xx_HAL_Driver/Src/stm32g0xx_hal_uart_ex.o
LOAD ./Drivers/STM32G0xx_HAL_Driver/Src/stm32g0xx_ll_dma.o
LOAD ./Drivers/STM32G0xx_HAL_Driver/Src/stm32g0xx_ll_rcc.o
START GROUP
LOAD /home/andrlv/STM32/STM32CubeIDE/plugins/com.st.stm32cube.ide.mcu.externaltools.gnu-tools-for-stm32.9-2020-q2-update.linux64_2.0.0.202105311346/tools/bin/../lib/gcc/arm-none-eabi/9.3.1/../../../../arm-none-eabi/lib/thumb/v6-m/nofp/libc_nano.a
LOAD /home/andrlv/STM32/STM32CubeIDE/plugins/com.st.stm32cube.ide.mcu.externaltools.gnu-tools-for-stm32.9-2020-q2-update.linux64_2.0.0.202105311346/tools/bin/../lib/gcc/arm-none-eabi/9.3.1/../../../../arm-none-eabi/lib/thumb/v6-m/nofp/libm.a
END GROUP
START GROUP
LOAD /home/andrlv/STM32/STM32CubeIDE/plugins/com.st.stm32cube.ide.mcu.externaltools.gnu-tools-for-stm32.9-2020-q2-update.linux64_2.0.0.202105311346/tools/bin/../lib/gcc/arm-none-eabi/9.3.1/thumb/v6-m/nofp/libgcc.a
LOAD /home/andrlv/STM32/STM32CubeIDE/plugins/com.st.stm32cube.ide.mcu.externaltools.gnu-tools-for-stm32.9-2020-q2-update.linux64_2.0.0.202105311346/tools/bin/../lib/gcc/arm-none-eabi/9.3.1/../../../../arm-none-eabi/lib/thumb/v6-m/nofp/libc_nano.a
END GROUP
START GROUP
LOAD /home/andrlv/STM32/STM32CubeIDE/plugins/com.st.stm32cube.ide.mcu.externaltools.gnu-tools-for-stm32.9-2020-q2-update.linux64_2.0.0.202105311346/tools/bin/../lib/gcc/arm-none-eabi/9.3.1/thumb/v6-m/nofp/libgcc.a
LOAD /home/andrlv/STM32/STM32CubeIDE/plugins/com.st.stm32cube.ide.mcu.externaltools.gnu-tools-for-stm32.9-2020-q2-update.linux64_2.0.0.202105311346/tools/bin/../lib/gcc/arm-none-eabi/9.3.1/../../../../arm-none-eabi/lib/thumb/v6-m/nofp/libc_nano.a
LOAD /home/andrlv/STM32/STM32CubeIDE/plugins/com.st.stm32cube.ide.mcu.externaltools.gnu-tools-for-stm32.9-2020-q2-update.linux64_2.0.0.202105311346/tools/bin/../lib/gcc/arm-none-eabi/9.3.1/../../../../arm-none-eabi/lib/thumb/v6-m/nofp/libnosys.a
END GROUP
START GROUP
LOAD /home/andrlv/STM32/STM32CubeIDE/plugins/com.st.stm32cube.ide.mcu.externaltools.gnu-tools-for-stm32.9-2020-q2-update.linux64_2.0.0.202105311346/tools/bin/../lib/gcc/arm-none-eabi/9.3.1/thumb/v6-m/nofp/libgcc.a
LOAD /home/andrlv/STM32/STM32CubeIDE/plugins/com.st.stm32cube.ide.mcu.externaltools.gnu-tools-for-stm32.9-2020-q2-update.linux64_2.0.0.202105311346/tools/bin/../lib/gcc/arm-none-eabi/9.3.1/../../../../arm-none-eabi/lib/thumb/v6-m/nofp/libc_nano.a
LOAD /home/andrlv/STM32/STM32CubeIDE/plugins/com.st.stm32cube.ide.mcu.externaltools.gnu-tools-for-stm32.9-2020-q2-update.linux64_2.0.0.202105311346/tools/bin/../lib/gcc/arm-none-eabi/9.3.1/../../../../arm-none-eabi/lib/thumb/v6-m/nofp/libnosys.a
END GROUP
LOAD /home/andrlv/STM32/STM32CubeIDE/plugins/com.st.stm32cube.ide.mcu.externaltools.gnu-tools-for-stm32.9-2020-q2-update.linux64_2.0.0.202105311346/tools/bin/../lib/gcc/arm-none-eabi/9.3.1/thumb/v6-m/nofp/crtend.o
LOAD /home/andrlv/STM32/STM32CubeIDE/plugins/com.st.stm32cube.ide.mcu.externaltools.gnu-tools-for-stm32.9-2020-q2-update.linux64_2.0.0.202105311346/tools/bin/../lib/gcc/arm-none-eabi/9.3.1/thumb/v6-m/nofp/crtn.o
                0x0000000020002000                _estack = (ORIGIN (RAM) + LENGTH (RAM))
                0x0000000000000200                _Min_Heap_Size = 0x200
                0x0000000000000400                _Min_Stack_Size = 0x400

.isr_vector     0x0000000008000000       0xb8
                0x0000000008000000                . = ALIGN (0x4)
 *(.isr_vector)
 .isr_vector    0x0000000008000000       0xb8 ./Core/Startup/startup_stm32g030f6px.o
                0x0000000008000000                g_pfnVectors
                0x00000000080000b8                . = ALIGN (0x4)

.text           0x00000000080000b8     0x355c
                0x00000000080000b8                . = ALIGN (0x4)
 *(.text)
 .text          0x00000000080000b8       0x48 /home/andrlv/STM32/STM32CubeIDE/plugins/com.st.stm32cube.ide.mcu.externaltools.gnu-tools-for-stm32.9-2020-q2-update.linux64_2.0.0.202105311346/tools/bin/../lib/gcc/arm-none-eabi/9.3.1/thumb/v6-m/nofp/crtbegin.o
 .text          0x0000000008000100      0x114 /home/andrlv/STM32/STM32CubeIDE/plugins/com.st.stm32cube.ide.mcu.externaltools.gnu-tools-for-stm32.9-2020-q2-update.linux64_2.0.0.202105311346/tools/bin/../lib/gcc/arm-none-eabi/9.3.1/thumb/v6-m/nofp/libgcc.a(_udivsi3.o)
                0x0000000008000100                __udivsi3
                0x0000000008000100                __aeabi_uidiv
                0x000000000800020c                __aeabi_uidivmod
 .text          0x0000000008000214      0x1d4 /home/andrlv/STM32/STM32CubeIDE/plugins/com.st.stm32cube.ide.mcu.externaltools.gnu-tools-for-stm32.9-2020-q2-update.linux64_2.0.0.202105311346/tools/bin/../lib/gcc/arm-none-eabi/9.3.1/thumb/v6-m/nofp/libgcc.a(_divsi3.o)
                0x0000000008000214                __aeabi_idiv
                0x0000000008000214                __divsi3
                0x00000000080003e0                __aeabi_idivmod
 .text          0x00000000080003e8        0x4 /home/andrlv/STM32/STM32CubeIDE/plugins/com.st.stm32cube.ide.mcu.externaltools.gnu-tools-for-stm32.9-2020-q2-update.linux64_2.0.0.202105311346/tools/bin/../lib/gcc/arm-none-eabi/9.3.1/thumb/v6-m/nofp/libgcc.a(_dvmd_tls.o)
                0x00000000080003e8                __aeabi_ldiv0
                0x00000000080003e8                __aeabi_idiv0
 *(.text*)
 .text.BMP180_Init
                0x00000000080003ec       0x1c ./Core/Src/bmp180_for_stm32_hal.o
                0x00000000080003ec                BMP180_Init
 .text.BMP180_SetOversampling
                0x0000000008000408       0x20 ./Core/Src/bmp180_for_stm32_hal.o
                0x0000000008000408                BMP180_SetOversampling
 .text.BMP180_UpdateCalibrationData
                0x0000000008000428      0x18c ./Core/Src/bmp180_for_stm32_hal.o
                0x0000000008000428                BMP180_UpdateCalibrationData
 .text.BMP180_WriteReg
                0x00000000080005b4       0x44 ./Core/Src/bmp180_for_stm32_hal.o
                0x00000000080005b4                BMP180_WriteReg
 .text.BMP180_ReadReg
                0x00000000080005f8       0x48 ./Core/Src/bmp180_for_stm32_hal.o
                0x00000000080005f8                BMP180_ReadReg
 .text.BMP180_GetRawTemperature
                0x0000000008000640       0x90 ./Core/Src/bmp180_for_stm32_hal.o
                0x0000000008000640                BMP180_GetRawTemperature
 .text.BMP180_GetPressure
                0x00000000080006d0      0x254 ./Core/Src/bmp180_for_stm32_hal.o
                0x00000000080006d0                BMP180_GetPressure
 .text.BMP180_GetUT
                0x0000000008000924       0x1e ./Core/Src/bmp180_for_stm32_hal.o
                0x0000000008000924                BMP180_GetUT
 *fill*         0x0000000008000942        0x2 
 .text.BMP180_GetUP
                0x0000000008000944       0x40 ./Core/Src/bmp180_for_stm32_hal.o
                0x0000000008000944                BMP180_GetUP
 .text.main     0x0000000008000984       0x78 ./Core/Src/main.o
                0x0000000008000984                main
 .text.SystemClock_Config
                0x00000000080009fc       0xbe ./Core/Src/main.o
                0x00000000080009fc                SystemClock_Config
 *fill*         0x0000000008000aba        0x2 
 .text.MX_I2C1_Init
                0x0000000008000abc       0x80 ./Core/Src/main.o
 .text.MX_USART2_UART_Init
                0x0000000008000b3c       0x68 ./Core/Src/main.o
 .text.MX_GPIO_Init
                0x0000000008000ba4       0x44 ./Core/Src/main.o
 .text.Error_Handler
                0x0000000008000be8        0xa ./Core/Src/main.o
                0x0000000008000be8                Error_Handler
 .text.pr__make_msg
                0x0000000008000bf2      0x17c ./Core/Src/pr.o
                0x0000000008000bf2                pr__make_msg
 .text.pr__get_crc
                0x0000000008000d6e       0x42 ./Core/Src/pr.o
 .text.HAL_MspInit
                0x0000000008000db0       0x48 ./Core/Src/stm32g0xx_hal_msp.o
                0x0000000008000db0                HAL_MspInit
 .text.HAL_I2C_MspInit
                0x0000000008000df8       0x98 ./Core/Src/stm32g0xx_hal_msp.o
                0x0000000008000df8                HAL_I2C_MspInit
 .text.HAL_UART_MspInit
                0x0000000008000e90       0x94 ./Core/Src/stm32g0xx_hal_msp.o
                0x0000000008000e90                HAL_UART_MspInit
 .text.NMI_Handler
                0x0000000008000f24        0x6 ./Core/Src/stm32g0xx_it.o
                0x0000000008000f24                NMI_Handler
 .text.HardFault_Handler
                0x0000000008000f2a        0x6 ./Core/Src/stm32g0xx_it.o
                0x0000000008000f2a                HardFault_Handler
 .text.SVC_Handler
                0x0000000008000f30        0xa ./Core/Src/stm32g0xx_it.o
                0x0000000008000f30                SVC_Handler
 .text.PendSV_Handler
                0x0000000008000f3a        0xa ./Core/Src/stm32g0xx_it.o
                0x0000000008000f3a                PendSV_Handler
 .text.SysTick_Handler
                0x0000000008000f44        0xe ./Core/Src/stm32g0xx_it.o
                0x0000000008000f44                SysTick_Handler
 .text.SystemInit
                0x0000000008000f52        0xa ./Core/Src/system_stm32g0xx.o
                0x0000000008000f52                SystemInit
 .text.Reset_Handler
                0x0000000008000f5c       0x50 ./Core/Startup/startup_stm32g030f6px.o
                0x0000000008000f5c                Reset_Handler
 .text.Default_Handler
                0x0000000008000fac        0x2 ./Core/Startup/startup_stm32g030f6px.o
                0x0000000008000fac                TIM1_CC_IRQHandler
                0x0000000008000fac                I2C1_IRQHandler
                0x0000000008000fac                RTC_TAMP_IRQHandler
                0x0000000008000fac                SPI1_IRQHandler
                0x0000000008000fac                DMA1_Ch4_5_DMAMUX1_OVR_IRQHandler
                0x0000000008000fac                EXTI2_3_IRQHandler
                0x0000000008000fac                ADC1_IRQHandler
                0x0000000008000fac                I2C2_IRQHandler
                0x0000000008000fac                TIM17_IRQHandler
                0x0000000008000fac                TIM16_IRQHandler
                0x0000000008000fac                TIM3_IRQHandler
                0x0000000008000fac                EXTI4_15_IRQHandler
                0x0000000008000fac                RCC_IRQHandler
                0x0000000008000fac                DMA1_Channel1_IRQHandler
                0x0000000008000fac                Default_Handler
                0x0000000008000fac                TIM14_IRQHandler
                0x0000000008000fac                EXTI0_1_IRQHandler
                0x0000000008000fac                SPI2_IRQHandler
                0x0000000008000fac                WWDG_IRQHandler
                0x0000000008000fac                DMA1_Channel2_3_IRQHandler
                0x0000000008000fac                USART2_IRQHandler
                0x0000000008000fac                FLASH_IRQHandler
                0x0000000008000fac                USART1_IRQHandler
                0x0000000008000fac                TIM1_BRK_UP_TRG_COM_IRQHandler
 *fill*         0x0000000008000fae        0x2 
 .text.HAL_Init
                0x0000000008000fb0       0x40 ./Drivers/STM32G0xx_HAL_Driver/Src/stm32g0xx_hal.o
                0x0000000008000fb0                HAL_Init
 .text.HAL_InitTick
                0x0000000008000ff0       0x94 ./Drivers/STM32G0xx_HAL_Driver/Src/stm32g0xx_hal.o
                0x0000000008000ff0                HAL_InitTick
 .text.HAL_IncTick
                0x0000000008001084       0x24 ./Drivers/STM32G0xx_HAL_Driver/Src/stm32g0xx_hal.o
                0x0000000008001084                HAL_IncTick
 .text.HAL_GetTick
                0x00000000080010a8       0x14 ./Drivers/STM32G0xx_HAL_Driver/Src/stm32g0xx_hal.o
                0x00000000080010a8                HAL_GetTick
 .text.HAL_Delay
                0x00000000080010bc       0x48 ./Drivers/STM32G0xx_HAL_Driver/Src/stm32g0xx_hal.o
                0x00000000080010bc                HAL_Delay
 .text.__NVIC_SetPriority
                0x0000000008001104       0xdc ./Drivers/STM32G0xx_HAL_Driver/Src/stm32g0xx_hal_cortex.o
 .text.SysTick_Config
                0x00000000080011e0       0x48 ./Drivers/STM32G0xx_HAL_Driver/Src/stm32g0xx_hal_cortex.o
 .text.HAL_NVIC_SetPriority
                0x0000000008001228       0x2a ./Drivers/STM32G0xx_HAL_Driver/Src/stm32g0xx_hal_cortex.o
                0x0000000008001228                HAL_NVIC_SetPriority
 .text.HAL_SYSTICK_Config
                0x0000000008001252       0x1a ./Drivers/STM32G0xx_HAL_Driver/Src/stm32g0xx_hal_cortex.o
                0x0000000008001252                HAL_SYSTICK_Config
 .text.HAL_GPIO_Init
                0x000000000800126c      0x2c8 ./Drivers/STM32G0xx_HAL_Driver/Src/stm32g0xx_hal_gpio.o
                0x000000000800126c                HAL_GPIO_Init
 .text.HAL_I2C_Init
                0x0000000008001534      0x12c ./Drivers/STM32G0xx_HAL_Driver/Src/stm32g0xx_hal_i2c.o
                0x0000000008001534                HAL_I2C_Init
 .text.HAL_I2C_Master_Transmit
                0x0000000008001660      0x210 ./Drivers/STM32G0xx_HAL_Driver/Src/stm32g0xx_hal_i2c.o
                0x0000000008001660                HAL_I2C_Master_Transmit
 .text.HAL_I2C_Master_Receive
                0x0000000008001870      0x210 ./Drivers/STM32G0xx_HAL_Driver/Src/stm32g0xx_hal_i2c.o
                0x0000000008001870                HAL_I2C_Master_Receive
 .text.I2C_Flush_TXDR
                0x0000000008001a80       0x44 ./Drivers/STM32G0xx_HAL_Driver/Src/stm32g0xx_hal_i2c.o
 .text.I2C_WaitOnFlagUntilTimeout
                0x0000000008001ac4       0x7e ./Drivers/STM32G0xx_HAL_Driver/Src/stm32g0xx_hal_i2c.o
 .text.I2C_WaitOnTXISFlagUntilTimeout
                0x0000000008001b42       0x7e ./Drivers/STM32G0xx_HAL_Driver/Src/stm32g0xx_hal_i2c.o
 .text.I2C_WaitOnSTOPFlagUntilTimeout
                0x0000000008001bc0       0x78 ./Drivers/STM32G0xx_HAL_Driver/Src/stm32g0xx_hal_i2c.o
 .text.I2C_WaitOnRXNEFlagUntilTimeout
                0x0000000008001c38       0xf4 ./Drivers/STM32G0xx_HAL_Driver/Src/stm32g0xx_hal_i2c.o
 .text.I2C_IsErrorOccurred
                0x0000000008001d2c      0x218 ./Drivers/STM32G0xx_HAL_Driver/Src/stm32g0xx_hal_i2c.o
 .text.I2C_TransferConfig
                0x0000000008001f44       0x74 ./Drivers/STM32G0xx_HAL_Driver/Src/stm32g0xx_hal_i2c.o
 .text.HAL_I2CEx_ConfigAnalogFilter
                0x0000000008001fb8       0x98 ./Drivers/STM32G0xx_HAL_Driver/Src/stm32g0xx_hal_i2c_ex.o
                0x0000000008001fb8                HAL_I2CEx_ConfigAnalogFilter
 .text.HAL_I2CEx_ConfigDigitalFilter
                0x0000000008002050       0x98 ./Drivers/STM32G0xx_HAL_Driver/Src/stm32g0xx_hal_i2c_ex.o
                0x0000000008002050                HAL_I2CEx_ConfigDigitalFilter
 .text.HAL_PWREx_ControlVoltageScaling
                0x00000000080020e8       0x80 ./Drivers/STM32G0xx_HAL_Driver/Src/stm32g0xx_hal_pwr_ex.o
                0x00000000080020e8                HAL_PWREx_ControlVoltageScaling
 .text.LL_RCC_GetAPB1Prescaler
                0x0000000008002168       0x18 ./Drivers/STM32G0xx_HAL_Driver/Src/stm32g0xx_hal_rcc.o
 .text.HAL_RCC_OscConfig
                0x0000000008002180      0x620 ./Drivers/STM32G0xx_HAL_Driver/Src/stm32g0xx_hal_rcc.o
                0x0000000008002180                HAL_RCC_OscConfig
 .text.HAL_RCC_ClockConfig
                0x00000000080027a0      0x210 ./Drivers/STM32G0xx_HAL_Driver/Src/stm32g0xx_hal_rcc.o
                0x00000000080027a0                HAL_RCC_ClockConfig
 .text.HAL_RCC_GetSysClockFreq
                0x00000000080029b0      0x104 ./Drivers/STM32G0xx_HAL_Driver/Src/stm32g0xx_hal_rcc.o
                0x00000000080029b0                HAL_RCC_GetSysClockFreq
 .text.HAL_RCC_GetHCLKFreq
                0x0000000008002ab4       0x14 ./Drivers/STM32G0xx_HAL_Driver/Src/stm32g0xx_hal_rcc.o
                0x0000000008002ab4                HAL_RCC_GetHCLKFreq
 .text.HAL_RCC_GetPCLK1Freq
                0x0000000008002ac8       0x2c ./Drivers/STM32G0xx_HAL_Driver/Src/stm32g0xx_hal_rcc.o
                0x0000000008002ac8                HAL_RCC_GetPCLK1Freq
 .text.HAL_RCCEx_PeriphCLKConfig
                0x0000000008002af4      0x24c ./Drivers/STM32G0xx_HAL_Driver/Src/stm32g0xx_hal_rcc_ex.o
                0x0000000008002af4                HAL_RCCEx_PeriphCLKConfig
 .text.HAL_UART_Init
                0x0000000008002d40       0xac ./Drivers/STM32G0xx_HAL_Driver/Src/stm32g0xx_hal_uart.o
                0x0000000008002d40                HAL_UART_Init
 .text.HAL_UART_Transmit
                0x0000000008002dec      0x156 ./Drivers/STM32G0xx_HAL_Driver/Src/stm32g0xx_hal_uart.o
                0x0000000008002dec                HAL_UART_Transmit
 *fill*         0x0000000008002f42        0x2 
 .text.UART_SetConfig
                0x0000000008002f44      0x2d4 ./Drivers/STM32G0xx_HAL_Driver/Src/stm32g0xx_hal_uart.o
                0x0000000008002f44                UART_SetConfig
 .text.UART_AdvFeatureConfig
                0x0000000008003218      0x168 ./Drivers/STM32G0xx_HAL_Driver/Src/stm32g0xx_hal_uart.o
                0x0000000008003218                UART_AdvFeatureConfig
 .text.UART_CheckIdleState
                0x0000000008003380       0x94 ./Drivers/STM32G0xx_HAL_Driver/Src/stm32g0xx_hal_uart.o
                0x0000000008003380                UART_CheckIdleState
 .text.UART_WaitOnFlagUntilTimeout
                0x0000000008003414      0x190 ./Drivers/STM32G0xx_HAL_Driver/Src/stm32g0xx_hal_uart.o
                0x0000000008003414                UART_WaitOnFlagUntilTimeout
 .text.__libc_init_array
                0x00000000080035a4       0x48 /home/andrlv/STM32/STM32CubeIDE/plugins/com.st.stm32cube.ide.mcu.externaltools.gnu-tools-for-stm32.9-2020-q2-update.linux64_2.0.0.202105311346/tools/bin/../lib/gcc/arm-none-eabi/9.3.1/../../../../arm-none-eabi/lib/thumb/v6-m/nofp/libc_nano.a(lib_a-init.o)
                0x00000000080035a4                __libc_init_array
 .text.memset   0x00000000080035ec       0x10 /home/andrlv/STM32/STM32CubeIDE/plugins/com.st.stm32cube.ide.mcu.externaltools.gnu-tools-for-stm32.9-2020-q2-update.linux64_2.0.0.202105311346/tools/bin/../lib/gcc/arm-none-eabi/9.3.1/../../../../arm-none-eabi/lib/thumb/v6-m/nofp/libc_nano.a(lib_a-memset.o)
                0x00000000080035ec                memset
 *(.glue_7)
 .glue_7        0x00000000080035fc        0x0 linker stubs
 *(.glue_7t)
 .glue_7t       0x00000000080035fc        0x0 linker stubs
 *(.eh_frame)
 .eh_frame      0x00000000080035fc        0x0 /home/andrlv/STM32/STM32CubeIDE/plugins/com.st.stm32cube.ide.mcu.externaltools.gnu-tools-for-stm32.9-2020-q2-update.linux64_2.0.0.202105311346/tools/bin/../lib/gcc/arm-none-eabi/9.3.1/thumb/v6-m/nofp/crtbegin.o
 *(.init)
 .init          0x00000000080035fc        0x4 /home/andrlv/STM32/STM32CubeIDE/plugins/com.st.stm32cube.ide.mcu.externaltools.gnu-tools-for-stm32.9-2020-q2-update.linux64_2.0.0.202105311346/tools/bin/../lib/gcc/arm-none-eabi/9.3.1/thumb/v6-m/nofp/crti.o
                0x00000000080035fc                _init
 .init          0x0000000008003600        0x8 /home/andrlv/STM32/STM32CubeIDE/plugins/com.st.stm32cube.ide.mcu.externaltools.gnu-tools-for-stm32.9-2020-q2-update.linux64_2.0.0.202105311346/tools/bin/../lib/gcc/arm-none-eabi/9.3.1/thumb/v6-m/nofp/crtn.o
 *(.fini)
 .fini          0x0000000008003608        0x4 /home/andrlv/STM32/STM32CubeIDE/plugins/com.st.stm32cube.ide.mcu.externaltools.gnu-tools-for-stm32.9-2020-q2-update.linux64_2.0.0.202105311346/tools/bin/../lib/gcc/arm-none-eabi/9.3.1/thumb/v6-m/nofp/crti.o
                0x0000000008003608                _fini
 .fini          0x000000000800360c        0x8 /home/andrlv/STM32/STM32CubeIDE/plugins/com.st.stm32cube.ide.mcu.externaltools.gnu-tools-for-stm32.9-2020-q2-update.linux64_2.0.0.202105311346/tools/bin/../lib/gcc/arm-none-eabi/9.3.1/thumb/v6-m/nofp/crtn.o
                0x0000000008003614                . = ALIGN (0x4)
                0x0000000008003614                _etext = .

.vfp11_veneer   0x0000000008003614        0x0
 .vfp11_veneer  0x0000000008003614        0x0 linker stubs

.v4_bx          0x0000000008003614        0x0
 .v4_bx         0x0000000008003614        0x0 linker stubs

.iplt           0x0000000008003614        0x0
 .iplt          0x0000000008003614        0x0 /home/andrlv/STM32/STM32CubeIDE/plugins/com.st.stm32cube.ide.mcu.externaltools.gnu-tools-for-stm32.9-2020-q2-update.linux64_2.0.0.202105311346/tools/bin/../lib/gcc/arm-none-eabi/9.3.1/thumb/v6-m/nofp/crtbegin.o

.rodata         0x0000000008003614       0x80
                0x0000000008003614                . = ALIGN (0x4)
 *(.rodata)
 *(.rodata*)
 .rodata.BMP180_CMD_PRES
                0x0000000008003614        0x4 ./Core/Src/bmp180_for_stm32_hal.o
                0x0000000008003614                BMP180_CMD_PRES
 .rodata.BMP180_DELAY_PRES
                0x0000000008003618        0x4 ./Core/Src/bmp180_for_stm32_hal.o
                0x0000000008003618                BMP180_DELAY_PRES
 .rodata.AHBPrescTable
                0x000000000800361c       0x40 ./Core/Src/system_stm32g0xx.o
                0x000000000800361c                AHBPrescTable
 .rodata.APBPrescTable
                0x000000000800365c       0x20 ./Core/Src/system_stm32g0xx.o
                0x000000000800365c                APBPrescTable
 .rodata.UARTPrescTable
                0x000000000800367c       0x18 ./Drivers/STM32G0xx_HAL_Driver/Src/stm32g0xx_hal_uart.o
                0x000000000800367c                UARTPrescTable
                0x0000000008003694                . = ALIGN (0x4)

.rel.dyn        0x0000000008003694        0x0
 .rel.iplt      0x0000000008003694        0x0 /home/andrlv/STM32/STM32CubeIDE/plugins/com.st.stm32cube.ide.mcu.externaltools.gnu-tools-for-stm32.9-2020-q2-update.linux64_2.0.0.202105311346/tools/bin/../lib/gcc/arm-none-eabi/9.3.1/thumb/v6-m/nofp/crtbegin.o

.ARM.extab      0x0000000008003694        0x0
                0x0000000008003694                . = ALIGN (0x4)
 *(.ARM.extab* .gnu.linkonce.armextab.*)
                0x0000000008003694                . = ALIGN (0x4)

.ARM            0x0000000008003694        0x0
                0x0000000008003694                . = ALIGN (0x4)
                0x0000000008003694                __exidx_start = .
 *(.ARM.exidx*)
                0x0000000008003694                __exidx_end = .
                0x0000000008003694                . = ALIGN (0x4)

.preinit_array  0x0000000008003694        0x0
                0x0000000008003694                . = ALIGN (0x4)
                0x0000000008003694                PROVIDE (__preinit_array_start = .)
 *(.preinit_array*)
                0x0000000008003694                PROVIDE (__preinit_array_end = .)
                0x0000000008003694                . = ALIGN (0x4)

.init_array     0x0000000008003694        0x4
                0x0000000008003694                . = ALIGN (0x4)
                0x0000000008003694                PROVIDE (__init_array_start = .)
 *(SORT_BY_NAME(.init_array.*))
 *(.init_array*)
 .init_array    0x0000000008003694        0x4 /home/andrlv/STM32/STM32CubeIDE/plugins/com.st.stm32cube.ide.mcu.externaltools.gnu-tools-for-stm32.9-2020-q2-update.linux64_2.0.0.202105311346/tools/bin/../lib/gcc/arm-none-eabi/9.3.1/thumb/v6-m/nofp/crtbegin.o
                0x0000000008003698                PROVIDE (__init_array_end = .)
                0x0000000008003698                . = ALIGN (0x4)

.fini_array     0x0000000008003698        0x4
                0x0000000008003698                . = ALIGN (0x4)
                [!provide]                        PROVIDE (__fini_array_start = .)
 *(SORT_BY_NAME(.fini_array.*))
 *(.fini_array*)
 .fini_array    0x0000000008003698        0x4 /home/andrlv/STM32/STM32CubeIDE/plugins/com.st.stm32cube.ide.mcu.externaltools.gnu-tools-for-stm32.9-2020-q2-update.linux64_2.0.0.202105311346/tools/bin/../lib/gcc/arm-none-eabi/9.3.1/thumb/v6-m/nofp/crtbegin.o
                [!provide]                        PROVIDE (__fini_array_end = .)
                0x000000000800369c                . = ALIGN (0x4)
                0x000000000800369c                _sidata = LOADADDR (.data)

.data           0x0000000020000000        0xc load address 0x000000000800369c
                0x0000000020000000                . = ALIGN (0x4)
                0x0000000020000000                _sdata = .
 *(.data)
 *(.data*)
 .data.SystemCoreClock
                0x0000000020000000        0x4 ./Core/Src/system_stm32g0xx.o
                0x0000000020000000                SystemCoreClock
 .data.uwTickPrio
                0x0000000020000004        0x4 ./Drivers/STM32G0xx_HAL_Driver/Src/stm32g0xx_hal.o
                0x0000000020000004                uwTickPrio
 .data.uwTickFreq
                0x0000000020000008        0x1 ./Drivers/STM32G0xx_HAL_Driver/Src/stm32g0xx_hal.o
                0x0000000020000008                uwTickFreq
 *(.RamFunc)
 *(.RamFunc*)
                0x000000002000000c                . = ALIGN (0x4)
 *fill*         0x0000000020000009        0x3 
                0x000000002000000c                _edata = .

.igot.plt       0x000000002000000c        0x0 load address 0x00000000080036a8
 .igot.plt      0x000000002000000c        0x0 /home/andrlv/STM32/STM32CubeIDE/plugins/com.st.stm32cube.ide.mcu.externaltools.gnu-tools-for-stm32.9-2020-q2-update.linux64_2.0.0.202105311346/tools/bin/../lib/gcc/arm-none-eabi/9.3.1/thumb/v6-m/nofp/crtbegin.o
                0x000000002000000c                . = ALIGN (0x4)

.bss            0x000000002000000c      0x168 load address 0x00000000080036a8
                0x000000002000000c                _sbss = .
                0x000000002000000c                __bss_start__ = _sbss
 *(.bss)
 .bss           0x000000002000000c       0x1c /home/andrlv/STM32/STM32CubeIDE/plugins/com.st.stm32cube.ide.mcu.externaltools.gnu-tools-for-stm32.9-2020-q2-update.linux64_2.0.0.202105311346/tools/bin/../lib/gcc/arm-none-eabi/9.3.1/thumb/v6-m/nofp/crtbegin.o
 *(.bss*)
 *(COMMON)
 COMMON         0x0000000020000028       0x1c ./Core/Src/bmp180_for_stm32_hal.o
                0x0000000020000028                _bmp180_eeprom
                0x000000002000003e                _bmp180_oss
                0x0000000020000040                _bmp180_ui2c
 COMMON         0x0000000020000044      0x12c ./Core/Src/main.o
                0x0000000020000044                rx_buff
                0x0000000020000064                hi2c1
                0x00000000200000b0                temperature
                0x00000000200000b4                pr_data
                0x00000000200000bc                pressure
                0x00000000200000c0                tx_buff
                0x00000000200000e0                huart2
 COMMON         0x0000000020000170        0x4 ./Drivers/STM32G0xx_HAL_Driver/Src/stm32g0xx_hal.o
                0x0000000020000170                uwTick
                0x0000000020000174                . = ALIGN (0x4)
                0x0000000020000174                _ebss = .
                0x0000000020000174                __bss_end__ = _ebss

._user_heap_stack
                0x0000000020000174      0x604 load address 0x00000000080036a8
                0x0000000020000178                . = ALIGN (0x8)
 *fill*         0x0000000020000174        0x4 
                [!provide]                        PROVIDE (end = .)
                0x0000000020000178                PROVIDE (_end = .)
                0x0000000020000378                . = (. + _Min_Heap_Size)
 *fill*         0x0000000020000178      0x200 
                0x0000000020000778                . = (. + _Min_Stack_Size)
 *fill*         0x0000000020000378      0x400 
                0x0000000020000778                . = ALIGN (0x8)

/DISCARD/
 libc.a(*)
 libm.a(*)
 libgcc.a(*)

.ARM.attributes
                0x0000000000000000       0x28
 *(.ARM.attributes)
 .ARM.attributes
                0x0000000000000000       0x1e /home/andrlv/STM32/STM32CubeIDE/plugins/com.st.stm32cube.ide.mcu.externaltools.gnu-tools-for-stm32.9-2020-q2-update.linux64_2.0.0.202105311346/tools/bin/../lib/gcc/arm-none-eabi/9.3.1/thumb/v6-m/nofp/crti.o
 .ARM.attributes
                0x000000000000001e       0x2c /home/andrlv/STM32/STM32CubeIDE/plugins/com.st.stm32cube.ide.mcu.externaltools.gnu-tools-for-stm32.9-2020-q2-update.linux64_2.0.0.202105311346/tools/bin/../lib/gcc/arm-none-eabi/9.3.1/thumb/v6-m/nofp/crtbegin.o
 .ARM.attributes
                0x000000000000004a       0x2c ./Core/Src/bmp180_for_stm32_hal.o
 .ARM.attributes
                0x0000000000000076       0x2c ./Core/Src/main.o
 .ARM.attributes
                0x00000000000000a2       0x2c ./Core/Src/pr.o
 .ARM.attributes
                0x00000000000000ce       0x2c ./Core/Src/stm32g0xx_hal_msp.o
 .ARM.attributes
                0x00000000000000fa       0x2c ./Core/Src/stm32g0xx_it.o
 .ARM.attributes
                0x0000000000000126       0x2c ./Core/Src/system_stm32g0xx.o
 .ARM.attributes
                0x0000000000000152       0x22 ./Core/Startup/startup_stm32g030f6px.o
 .ARM.attributes
                0x0000000000000174       0x2c ./Drivers/STM32G0xx_HAL_Driver/Src/stm32g0xx_hal.o
 .ARM.attributes
                0x00000000000001a0       0x2c ./Drivers/STM32G0xx_HAL_Driver/Src/stm32g0xx_hal_cortex.o
 .ARM.attributes
                0x00000000000001cc       0x2c ./Drivers/STM32G0xx_HAL_Driver/Src/stm32g0xx_hal_gpio.o
 .ARM.attributes
                0x00000000000001f8       0x2c ./Drivers/STM32G0xx_HAL_Driver/Src/stm32g0xx_hal_i2c.o
 .ARM.attributes
                0x0000000000000224       0x2c ./Drivers/STM32G0xx_HAL_Driver/Src/stm32g0xx_hal_i2c_ex.o
 .ARM.attributes
                0x0000000000000250       0x2c ./Drivers/STM32G0xx_HAL_Driver/Src/stm32g0xx_hal_pwr_ex.o
 .ARM.attributes
                0x000000000000027c       0x2c ./Drivers/STM32G0xx_HAL_Driver/Src/stm32g0xx_hal_rcc.o
 .ARM.attributes
                0x00000000000002a8       0x2c ./Drivers/STM32G0xx_HAL_Driver/Src/stm32g0xx_hal_rcc_ex.o
 .ARM.attributes
                0x00000000000002d4       0x2c ./Drivers/STM32G0xx_HAL_Driver/Src/stm32g0xx_hal_uart.o
 .ARM.attributes
                0x0000000000000300       0x2c /home/andrlv/STM32/STM32CubeIDE/plugins/com.st.stm32cube.ide.mcu.externaltools.gnu-tools-for-stm32.9-2020-q2-update.linux64_2.0.0.202105311346/tools/bin/../lib/gcc/arm-none-eabi/9.3.1/../../../../arm-none-eabi/lib/thumb/v6-m/nofp/libc_nano.a(lib_a-init.o)
 .ARM.attributes
                0x000000000000032c       0x2c /home/andrlv/STM32/STM32CubeIDE/plugins/com.st.stm32cube.ide.mcu.externaltools.gnu-tools-for-stm32.9-2020-q2-update.linux64_2.0.0.202105311346/tools/bin/../lib/gcc/arm-none-eabi/9.3.1/../../../../arm-none-eabi/lib/thumb/v6-m/nofp/libc_nano.a(lib_a-memset.o)
 .ARM.attributes
                0x0000000000000358       0x1e /home/andrlv/STM32/STM32CubeIDE/plugins/com.st.stm32cube.ide.mcu.externaltools.gnu-tools-for-stm32.9-2020-q2-update.linux64_2.0.0.202105311346/tools/bin/../lib/gcc/arm-none-eabi/9.3.1/thumb/v6-m/nofp/libgcc.a(_udivsi3.o)
 .ARM.attributes
                0x0000000000000376       0x1e /home/andrlv/STM32/STM32CubeIDE/plugins/com.st.stm32cube.ide.mcu.externaltools.gnu-tools-for-stm32.9-2020-q2-update.linux64_2.0.0.202105311346/tools/bin/../lib/gcc/arm-none-eabi/9.3.1/thumb/v6-m/nofp/libgcc.a(_divsi3.o)
 .ARM.attributes
                0x0000000000000394       0x1e /home/andrlv/STM32/STM32CubeIDE/plugins/com.st.stm32cube.ide.mcu.externaltools.gnu-tools-for-stm32.9-2020-q2-update.linux64_2.0.0.202105311346/tools/bin/../lib/gcc/arm-none-eabi/9.3.1/thumb/v6-m/nofp/libgcc.a(_dvmd_tls.o)
 .ARM.attributes
                0x00000000000003b2       0x1e /home/andrlv/STM32/STM32CubeIDE/plugins/com.st.stm32cube.ide.mcu.externaltools.gnu-tools-for-stm32.9-2020-q2-update.linux64_2.0.0.202105311346/tools/bin/../lib/gcc/arm-none-eabi/9.3.1/thumb/v6-m/nofp/crtn.o
OUTPUT(STM32G030mqtt.elf elf32-littlearm)
LOAD linker stubs
LOAD /home/andrlv/STM32/STM32CubeIDE/plugins/com.st.stm32cube.ide.mcu.externaltools.gnu-tools-for-stm32.9-2020-q2-update.linux64_2.0.0.202105311346/tools/bin/../lib/gcc/arm-none-eabi/9.3.1/../../../../arm-none-eabi/lib/thumb/v6-m/nofp/libc.a
LOAD /home/andrlv/STM32/STM32CubeIDE/plugins/com.st.stm32cube.ide.mcu.externaltools.gnu-tools-for-stm32.9-2020-q2-update.linux64_2.0.0.202105311346/tools/bin/../lib/gcc/arm-none-eabi/9.3.1/../../../../arm-none-eabi/lib/thumb/v6-m/nofp/libm.a
LOAD /home/andrlv/STM32/STM32CubeIDE/plugins/com.st.stm32cube.ide.mcu.externaltools.gnu-tools-for-stm32.9-2020-q2-update.linux64_2.0.0.202105311346/tools/bin/../lib/gcc/arm-none-eabi/9.3.1/thumb/v6-m/nofp/libgcc.a

.debug_info     0x0000000000000000     0xfad0
 .debug_info    0x0000000000000000      0xd05 ./Core/Src/bmp180_for_stm32_hal.o
 .debug_info    0x0000000000000d05     0x1add ./Core/Src/main.o
 .debug_info    0x00000000000027e2      0xb12 ./Core/Src/pr.o
 .debug_info    0x00000000000032f4      0xfb0 ./Core/Src/stm32g0xx_hal_msp.o
 .debug_info    0x00000000000042a4      0x2c3 ./Core/Src/stm32g0xx_it.o
 .debug_info    0x0000000000004567      0x48b ./Core/Src/system_stm32g0xx.o
 .debug_info    0x00000000000049f2       0x22 ./Core/Startup/startup_stm32g030f6px.o
 .debug_info    0x0000000000004a14      0xa3b ./Drivers/STM32G0xx_HAL_Driver/Src/stm32g0xx_hal.o
 .debug_info    0x000000000000544f      0xa6e ./Drivers/STM32G0xx_HAL_Driver/Src/stm32g0xx_hal_cortex.o
 .debug_info    0x0000000000005ebd      0x750 ./Drivers/STM32G0xx_HAL_Driver/Src/stm32g0xx_hal_gpio.o
 .debug_info    0x000000000000660d     0x23ac ./Drivers/STM32G0xx_HAL_Driver/Src/stm32g0xx_hal_i2c.o
 .debug_info    0x00000000000089b9      0xbb7 ./Drivers/STM32G0xx_HAL_Driver/Src/stm32g0xx_hal_i2c_ex.o
 .debug_info    0x0000000000009570      0x66d ./Drivers/STM32G0xx_HAL_Driver/Src/stm32g0xx_hal_pwr_ex.o
 .debug_info    0x0000000000009bdd      0xbe9 ./Drivers/STM32G0xx_HAL_Driver/Src/stm32g0xx_hal_rcc.o
 .debug_info    0x000000000000a7c6      0x8ec ./Drivers/STM32G0xx_HAL_Driver/Src/stm32g0xx_hal_rcc_ex.o
 .debug_info    0x000000000000b0b2     0x4a1e ./Drivers/STM32G0xx_HAL_Driver/Src/stm32g0xx_hal_uart.o

.debug_abbrev   0x0000000000000000     0x2015
 .debug_abbrev  0x0000000000000000      0x259 ./Core/Src/bmp180_for_stm32_hal.o
 .debug_abbrev  0x0000000000000259      0x2a1 ./Core/Src/main.o
 .debug_abbrev  0x00000000000004fa      0x21e ./Core/Src/pr.o
 .debug_abbrev  0x0000000000000718      0x1b7 ./Core/Src/stm32g0xx_hal_msp.o
 .debug_abbrev  0x00000000000008cf      0x103 ./Core/Src/stm32g0xx_it.o
 .debug_abbrev  0x00000000000009d2      0x165 ./Core/Src/system_stm32g0xx.o
 .debug_abbrev  0x0000000000000b37       0x12 ./Core/Startup/startup_stm32g030f6px.o
 .debug_abbrev  0x0000000000000b49      0x276 ./Drivers/STM32G0xx_HAL_Driver/Src/stm32g0xx_hal.o
 .debug_abbrev  0x0000000000000dbf      0x2c5 ./Drivers/STM32G0xx_HAL_Driver/Src/stm32g0xx_hal_cortex.o
 .debug_abbrev  0x0000000000001084      0x1df ./Drivers/STM32G0xx_HAL_Driver/Src/stm32g0xx_hal_gpio.o
 .debug_abbrev  0x0000000000001263      0x278 ./Drivers/STM32G0xx_HAL_Driver/Src/stm32g0xx_hal_i2c.o
 .debug_abbrev  0x00000000000014db      0x1fd ./Drivers/STM32G0xx_HAL_Driver/Src/stm32g0xx_hal_i2c_ex.o
 .debug_abbrev  0x00000000000016d8      0x204 ./Drivers/STM32G0xx_HAL_Driver/Src/stm32g0xx_hal_pwr_ex.o
 .debug_abbrev  0x00000000000018dc      0x25b ./Drivers/STM32G0xx_HAL_Driver/Src/stm32g0xx_hal_rcc.o
 .debug_abbrev  0x0000000000001b37      0x1fc ./Drivers/STM32G0xx_HAL_Driver/Src/stm32g0xx_hal_rcc_ex.o
 .debug_abbrev  0x0000000000001d33      0x2e2 ./Drivers/STM32G0xx_HAL_Driver/Src/stm32g0xx_hal_uart.o

.debug_aranges  0x0000000000000000      0xa80
 .debug_aranges
                0x0000000000000000       0x68 ./Core/Src/bmp180_for_stm32_hal.o
 .debug_aranges
                0x0000000000000068       0x48 ./Core/Src/main.o
 .debug_aranges
                0x00000000000000b0       0x30 ./Core/Src/pr.o
 .debug_aranges
                0x00000000000000e0       0x40 ./Core/Src/stm32g0xx_hal_msp.o
 .debug_aranges
                0x0000000000000120       0x40 ./Core/Src/stm32g0xx_it.o
 .debug_aranges
                0x0000000000000160       0x28 ./Core/Src/system_stm32g0xx.o
 .debug_aranges
                0x0000000000000188       0x28 ./Core/Startup/startup_stm32g030f6px.o
 .debug_aranges
                0x00000000000001b0      0x100 ./Drivers/STM32G0xx_HAL_Driver/Src/stm32g0xx_hal.o
 .debug_aranges
                0x00000000000002b0       0xd8 ./Drivers/STM32G0xx_HAL_Driver/Src/stm32g0xx_hal_cortex.o
 .debug_aranges
                0x0000000000000388       0x60 ./Drivers/STM32G0xx_HAL_Driver/Src/stm32g0xx_hal_gpio.o
 .debug_aranges
                0x00000000000003e8      0x290 ./Drivers/STM32G0xx_HAL_Driver/Src/stm32g0xx_hal_i2c.o
 .debug_aranges
                0x0000000000000678       0x48 ./Drivers/STM32G0xx_HAL_Driver/Src/stm32g0xx_hal_i2c_ex.o
 .debug_aranges
                0x00000000000006c0       0x98 ./Drivers/STM32G0xx_HAL_Driver/Src/stm32g0xx_hal_pwr_ex.o
 .debug_aranges
                0x0000000000000758       0xa0 ./Drivers/STM32G0xx_HAL_Driver/Src/stm32g0xx_hal_rcc.o
 .debug_aranges
                0x00000000000007f8       0x40 ./Drivers/STM32G0xx_HAL_Driver/Src/stm32g0xx_hal_rcc_ex.o
 .debug_aranges
                0x0000000000000838      0x248 ./Drivers/STM32G0xx_HAL_Driver/Src/stm32g0xx_hal_uart.o

.debug_ranges   0x0000000000000000      0x9b8
 .debug_ranges  0x0000000000000000       0x58 ./Core/Src/bmp180_for_stm32_hal.o
 .debug_ranges  0x0000000000000058       0x38 ./Core/Src/main.o
 .debug_ranges  0x0000000000000090       0x20 ./Core/Src/pr.o
 .debug_ranges  0x00000000000000b0       0x30 ./Core/Src/stm32g0xx_hal_msp.o
 .debug_ranges  0x00000000000000e0       0x30 ./Core/Src/stm32g0xx_it.o
 .debug_ranges  0x0000000000000110       0x18 ./Core/Src/system_stm32g0xx.o
 .debug_ranges  0x0000000000000128       0x20 ./Core/Startup/startup_stm32g030f6px.o
 .debug_ranges  0x0000000000000148       0xf0 ./Drivers/STM32G0xx_HAL_Driver/Src/stm32g0xx_hal.o
 .debug_ranges  0x0000000000000238       0xc8 ./Drivers/STM32G0xx_HAL_Driver/Src/stm32g0xx_hal_cortex.o
 .debug_ranges  0x0000000000000300       0x50 ./Drivers/STM32G0xx_HAL_Driver/Src/stm32g0xx_hal_gpio.o
 .debug_ranges  0x0000000000000350      0x280 ./Drivers/STM32G0xx_HAL_Driver/Src/stm32g0xx_hal_i2c.o
 .debug_ranges  0x00000000000005d0       0x38 ./Drivers/STM32G0xx_HAL_Driver/Src/stm32g0xx_hal_i2c_ex.o
 .debug_ranges  0x0000000000000608       0x88 ./Drivers/STM32G0xx_HAL_Driver/Src/stm32g0xx_hal_pwr_ex.o
 .debug_ranges  0x0000000000000690       0x90 ./Drivers/STM32G0xx_HAL_Driver/Src/stm32g0xx_hal_rcc.o
 .debug_ranges  0x0000000000000720       0x30 ./Drivers/STM32G0xx_HAL_Driver/Src/stm32g0xx_hal_rcc_ex.o
 .debug_ranges  0x0000000000000750      0x268 ./Drivers/STM32G0xx_HAL_Driver/Src/stm32g0xx_hal_uart.o

.debug_macro    0x0000000000000000    0x15e6a
 .debug_macro   0x0000000000000000      0x206 ./Core/Src/bmp180_for_stm32_hal.o
 .debug_macro   0x0000000000000206      0xa7e ./Core/Src/bmp180_for_stm32_hal.o
 .debug_macro   0x0000000000000c84      0x11d ./Core/Src/bmp180_for_stm32_hal.o
 .debug_macro   0x0000000000000da1       0x2e ./Core/Src/bmp180_for_stm32_hal.o
 .debug_macro   0x0000000000000dcf       0x28 ./Core/Src/bmp180_for_stm32_hal.o
 .debug_macro   0x0000000000000df7       0x22 ./Core/Src/bmp180_for_stm32_hal.o
 .debug_macro   0x0000000000000e19       0x8e ./Core/Src/bmp180_for_stm32_hal.o
 .debug_macro   0x0000000000000ea7       0x51 ./Core/Src/bmp180_for_stm32_hal.o
 .debug_macro   0x0000000000000ef8      0x103 ./Core/Src/bmp180_for_stm32_hal.o
 .debug_macro   0x0000000000000ffb       0x6a ./Core/Src/bmp180_for_stm32_hal.o
 .debug_macro   0x0000000000001065      0x1df ./Core/Src/bmp180_for_stm32_hal.o
 .debug_macro   0x0000000000001244       0x1c ./Core/Src/bmp180_for_stm32_hal.o
 .debug_macro   0x0000000000001260       0x22 ./Core/Src/bmp180_for_stm32_hal.o
 .debug_macro   0x0000000000001282       0xd7 ./Core/Src/bmp180_for_stm32_hal.o
 .debug_macro   0x0000000000001359      0x4da ./Core/Src/bmp180_for_stm32_hal.o
 .debug_macro   0x0000000000001833      0x11f ./Core/Src/bmp180_for_stm32_hal.o
 .debug_macro   0x0000000000001952     0xa0c5 ./Core/Src/bmp180_for_stm32_hal.o
 .debug_macro   0x000000000000ba17       0x66 ./Core/Src/bmp180_for_stm32_hal.o
 .debug_macro   0x000000000000ba7d     0x34fd ./Core/Src/bmp180_for_stm32_hal.o
 .debug_macro   0x000000000000ef7a      0x174 ./Core/Src/bmp180_for_stm32_hal.o
 .debug_macro   0x000000000000f0ee       0x5c ./Core/Src/bmp180_for_stm32_hal.o
 .debug_macro   0x000000000000f14a      0x485 ./Core/Src/bmp180_for_stm32_hal.o
 .debug_macro   0x000000000000f5cf      0xdcd ./Core/Src/bmp180_for_stm32_hal.o
 .debug_macro   0x000000000001039c      0x106 ./Core/Src/bmp180_for_stm32_hal.o
 .debug_macro   0x00000000000104a2      0x1cf ./Core/Src/bmp180_for_stm32_hal.o
 .debug_macro   0x0000000000010671       0xff ./Core/Src/bmp180_for_stm32_hal.o
 .debug_macro   0x0000000000010770      0x33c ./Core/Src/bmp180_for_stm32_hal.o
 .debug_macro   0x0000000000010aac      0x202 ./Core/Src/bmp180_for_stm32_hal.o
 .debug_macro   0x0000000000010cae      0x2c7 ./Core/Src/bmp180_for_stm32_hal.o
 .debug_macro   0x0000000000010f75      0x198 ./Core/Src/bmp180_for_stm32_hal.o
 .debug_macro   0x000000000001110d       0x43 ./Core/Src/bmp180_for_stm32_hal.o
 .debug_macro   0x0000000000011150      0x1f1 ./Core/Src/bmp180_for_stm32_hal.o
 .debug_macro   0x0000000000011341      0x1d6 ./Core/Src/bmp180_for_stm32_hal.o
 .debug_macro   0x0000000000011517      0x2a3 ./Core/Src/bmp180_for_stm32_hal.o
 .debug_macro   0x00000000000117ba       0x28 ./Core/Src/bmp180_for_stm32_hal.o
 .debug_macro   0x00000000000117e2       0xcf ./Core/Src/bmp180_for_stm32_hal.o
 .debug_macro   0x00000000000118b1      0x22c ./Core/Src/bmp180_for_stm32_hal.o
 .debug_macro   0x0000000000011add       0x67 ./Core/Src/bmp180_for_stm32_hal.o
 .debug_macro   0x0000000000011b44       0xa5 ./Core/Src/bmp180_for_stm32_hal.o
 .debug_macro   0x0000000000011be9       0xff ./Core/Src/bmp180_for_stm32_hal.o
 .debug_macro   0x0000000000011ce8      0x10d ./Core/Src/bmp180_for_stm32_hal.o
 .debug_macro   0x0000000000011df5      0x67e ./Core/Src/bmp180_for_stm32_hal.o
 .debug_macro   0x0000000000012473       0xa6 ./Core/Src/bmp180_for_stm32_hal.o
 .debug_macro   0x0000000000012519      0x412 ./Core/Src/bmp180_for_stm32_hal.o
 .debug_macro   0x000000000001292b       0x1c ./Core/Src/bmp180_for_stm32_hal.o
 .debug_macro   0x0000000000012947       0x34 ./Core/Src/bmp180_for_stm32_hal.o
 .debug_macro   0x000000000001297b      0x3a7 ./Core/Src/main.o
 .debug_macro   0x0000000000012d22       0x52 ./Core/Src/main.o
 .debug_macro   0x0000000000012d74       0x18 ./Core/Src/main.o
 .debug_macro   0x0000000000012d8c       0x3c ./Core/Src/main.o
 .debug_macro   0x0000000000012dc8       0x34 ./Core/Src/main.o
 .debug_macro   0x0000000000012dfc       0x16 ./Core/Src/main.o
 .debug_macro   0x0000000000012e12       0x35 ./Core/Src/main.o
 .debug_macro   0x0000000000012e47      0x333 ./Core/Src/main.o
 .debug_macro   0x000000000001317a       0x10 ./Core/Src/main.o
 .debug_macro   0x000000000001318a       0x16 ./Core/Src/main.o
 .debug_macro   0x00000000000131a0       0x43 ./Core/Src/main.o
 .debug_macro   0x00000000000131e3       0x34 ./Core/Src/main.o
 .debug_macro   0x0000000000013217       0x10 ./Core/Src/main.o
 .debug_macro   0x0000000000013227       0x58 ./Core/Src/main.o
 .debug_macro   0x000000000001327f       0x71 ./Core/Src/main.o
 .debug_macro   0x00000000000132f0       0x1c ./Core/Src/main.o
 .debug_macro   0x000000000001330c      0x12a ./Core/Src/main.o
 .debug_macro   0x0000000000013436       0x10 ./Core/Src/main.o
 .debug_macro   0x0000000000013446       0x1c ./Core/Src/main.o
 .debug_macro   0x0000000000013462       0x52 ./Core/Src/main.o
 .debug_macro   0x00000000000134b4       0x22 ./Core/Src/main.o
 .debug_macro   0x00000000000134d6       0x10 ./Core/Src/main.o
 .debug_macro   0x00000000000134e6       0x40 ./Core/Src/main.o
 .debug_macro   0x0000000000013526       0xd5 ./Core/Src/main.o
 .debug_macro   0x00000000000135fb       0x1c ./Core/Src/main.o
 .debug_macro   0x0000000000013617       0x3d ./Core/Src/main.o
 .debug_macro   0x0000000000013654       0x16 ./Core/Src/main.o
 .debug_macro   0x000000000001366a      0x145 ./Core/Src/main.o
 .debug_macro   0x00000000000137af       0x10 ./Core/Src/main.o
 .debug_macro   0x00000000000137bf      0x460 ./Core/Src/main.o
 .debug_macro   0x0000000000013c1f       0x1c ./Core/Src/main.o
 .debug_macro   0x0000000000013c3b      0x1ec ./Core/Src/pr.o
 .debug_macro   0x0000000000013e27       0x4c ./Core/Src/pr.o
 .debug_macro   0x0000000000013e73       0x94 ./Core/Src/pr.o
 .debug_macro   0x0000000000013f07       0x57 ./Core/Src/pr.o
 .debug_macro   0x0000000000013f5e       0x97 ./Core/Src/pr.o
 .debug_macro   0x0000000000013ff5      0x339 ./Core/Src/pr.o
 .debug_macro   0x000000000001432e       0xfd ./Core/Src/pr.o
 .debug_macro   0x000000000001442b      0x1e5 ./Core/Src/pr.o
 .debug_macro   0x0000000000014610      0x1f3 ./Core/Src/stm32g0xx_hal_msp.o
 .debug_macro   0x0000000000014803      0x1fd ./Core/Src/stm32g0xx_it.o
 .debug_macro   0x0000000000014a00      0x1e4 ./Core/Src/system_stm32g0xx.o
 .debug_macro   0x0000000000014be4      0x202 ./Drivers/STM32G0xx_HAL_Driver/Src/stm32g0xx_hal.o
 .debug_macro   0x0000000000014de6      0x1e4 ./Drivers/STM32G0xx_HAL_Driver/Src/stm32g0xx_hal_cortex.o
 .debug_macro   0x0000000000014fca      0x1eb ./Drivers/STM32G0xx_HAL_Driver/Src/stm32g0xx_hal_gpio.o
 .debug_macro   0x00000000000151b5      0x2b0 ./Drivers/STM32G0xx_HAL_Driver/Src/stm32g0xx_hal_i2c.o
 .debug_macro   0x0000000000015465      0x1e4 ./Drivers/STM32G0xx_HAL_Driver/Src/stm32g0xx_hal_i2c_ex.o
 .debug_macro   0x0000000000015649      0x1f6 ./Drivers/STM32G0xx_HAL_Driver/Src/stm32g0xx_hal_pwr_ex.o
 .debug_macro   0x000000000001583f      0x220 ./Drivers/STM32G0xx_HAL_Driver/Src/stm32g0xx_hal_rcc.o
 .debug_macro   0x0000000000015a5f      0x1fc ./Drivers/STM32G0xx_HAL_Driver/Src/stm32g0xx_hal_rcc_ex.o
 .debug_macro   0x0000000000015c5b      0x20f ./Drivers/STM32G0xx_HAL_Driver/Src/stm32g0xx_hal_uart.o

.debug_line     0x0000000000000000     0xe63d
 .debug_line    0x0000000000000000      0x9dd ./Core/Src/bmp180_for_stm32_hal.o
 .debug_line    0x00000000000009dd      0xa65 ./Core/Src/main.o
 .debug_line    0x0000000000001442      0x740 ./Core/Src/pr.o
 .debug_line    0x0000000000001b82      0x795 ./Core/Src/stm32g0xx_hal_msp.o
 .debug_line    0x0000000000002317      0x75e ./Core/Src/stm32g0xx_it.o
 .debug_line    0x0000000000002a75      0x76c ./Core/Src/system_stm32g0xx.o
 .debug_line    0x00000000000031e1       0x89 ./Core/Startup/startup_stm32g030f6px.o
 .debug_line    0x000000000000326a      0xa27 ./Drivers/STM32G0xx_HAL_Driver/Src/stm32g0xx_hal.o
 .debug_line    0x0000000000003c91      0xb23 ./Drivers/STM32G0xx_HAL_Driver/Src/stm32g0xx_hal_cortex.o
 .debug_line    0x00000000000047b4      0xb0f ./Drivers/STM32G0xx_HAL_Driver/Src/stm32g0xx_hal_gpio.o
 .debug_line    0x00000000000052c3     0x3391 ./Drivers/STM32G0xx_HAL_Driver/Src/stm32g0xx_hal_i2c.o
 .debug_line    0x0000000000008654      0x917 ./Drivers/STM32G0xx_HAL_Driver/Src/stm32g0xx_hal_i2c_ex.o
 .debug_line    0x0000000000008f6b      0x933 ./Drivers/STM32G0xx_HAL_Driver/Src/stm32g0xx_hal_pwr_ex.o
 .debug_line    0x000000000000989e      0xeb9 ./Drivers/STM32G0xx_HAL_Driver/Src/stm32g0xx_hal_rcc.o
 .debug_line    0x000000000000a757      0xa79 ./Drivers/STM32G0xx_HAL_Driver/Src/stm32g0xx_hal_rcc_ex.o
 .debug_line    0x000000000000b1d0     0x346d ./Drivers/STM32G0xx_HAL_Driver/Src/stm32g0xx_hal_uart.o

.debug_str      0x0000000000000000    0x839ef
 .debug_str     0x0000000000000000    0x7b856 ./Core/Src/bmp180_for_stm32_hal.o
                                      0x7be05 (size before relaxing)
 .debug_str     0x000000000007b856     0x564c ./Core/Src/main.o
                                      0x8133c (size before relaxing)
 .debug_str     0x0000000000080ea2       0xc7 ./Core/Src/pr.o
                                       0x916b (size before relaxing)
 .debug_str     0x0000000000080f69       0xe0 ./Core/Src/stm32g0xx_hal_msp.o
                                      0x7bdef (size before relaxing)
 .debug_str     0x0000000000081049       0x76 ./Core/Src/stm32g0xx_it.o
                                      0x7b531 (size before relaxing)
 .debug_str     0x00000000000810bf       0x62 ./Core/Src/system_stm32g0xx.o
                                      0x7b56e (size before relaxing)
 .debug_str     0x0000000000081121       0x36 ./Core/Startup/startup_stm32g030f6px.o
                                         0x6d (size before relaxing)
 .debug_str     0x0000000000081157      0x56e ./Drivers/STM32G0xx_HAL_Driver/Src/stm32g0xx_hal.o
                                      0x7bb62 (size before relaxing)
 .debug_str     0x00000000000816c5      0x2ae ./Drivers/STM32G0xx_HAL_Driver/Src/stm32g0xx_hal_cortex.o
                                      0x7b9b4 (size before relaxing)
 .debug_str     0x0000000000081973      0x197 ./Drivers/STM32G0xx_HAL_Driver/Src/stm32g0xx_hal_gpio.o
                                      0x7b6bb (size before relaxing)
 .debug_str     0x0000000000081b0a      0xd9f ./Drivers/STM32G0xx_HAL_Driver/Src/stm32g0xx_hal_i2c.o
                                      0x7c8a0 (size before relaxing)
 .debug_str     0x00000000000828a9       0xb8 ./Drivers/STM32G0xx_HAL_Driver/Src/stm32g0xx_hal_i2c_ex.o
                                      0x7bba2 (size before relaxing)
 .debug_str     0x0000000000082961      0x241 ./Drivers/STM32G0xx_HAL_Driver/Src/stm32g0xx_hal_pwr_ex.o
                                      0x7b7de (size before relaxing)
 .debug_str     0x0000000000082ba2      0x36b ./Drivers/STM32G0xx_HAL_Driver/Src/stm32g0xx_hal_rcc.o
                                      0x7bb19 (size before relaxing)
 .debug_str     0x0000000000082f0d      0x16c ./Drivers/STM32G0xx_HAL_Driver/Src/stm32g0xx_hal_rcc_ex.o
                                      0x7b848 (size before relaxing)
 .debug_str     0x0000000000083079      0x976 ./Drivers/STM32G0xx_HAL_Driver/Src/stm32g0xx_hal_uart.o
                                      0x7c40a (size before relaxing)

.comment        0x0000000000000000       0x53
 .comment       0x0000000000000000       0x53 ./Core/Src/bmp180_for_stm32_hal.o
                                         0x54 (size before relaxing)
 .comment       0x0000000000000053       0x54 ./Core/Src/main.o
 .comment       0x0000000000000053       0x54 ./Core/Src/pr.o
 .comment       0x0000000000000053       0x54 ./Core/Src/stm32g0xx_hal_msp.o
 .comment       0x0000000000000053       0x54 ./Core/Src/stm32g0xx_it.o
 .comment       0x0000000000000053       0x54 ./Core/Src/system_stm32g0xx.o
 .comment       0x0000000000000053       0x54 ./Drivers/STM32G0xx_HAL_Driver/Src/stm32g0xx_hal.o
 .comment       0x0000000000000053       0x54 ./Drivers/STM32G0xx_HAL_Driver/Src/stm32g0xx_hal_cortex.o
 .comment       0x0000000000000053       0x54 ./Drivers/STM32G0xx_HAL_Driver/Src/stm32g0xx_hal_gpio.o
 .comment       0x0000000000000053       0x54 ./Drivers/STM32G0xx_HAL_Driver/Src/stm32g0xx_hal_i2c.o
 .comment       0x0000000000000053       0x54 ./Drivers/STM32G0xx_HAL_Driver/Src/stm32g0xx_hal_i2c_ex.o
 .comment       0x0000000000000053       0x54 ./Drivers/STM32G0xx_HAL_Driver/Src/stm32g0xx_hal_pwr_ex.o
 .comment       0x0000000000000053       0x54 ./Drivers/STM32G0xx_HAL_Driver/Src/stm32g0xx_hal_rcc.o
 .comment       0x0000000000000053       0x54 ./Drivers/STM32G0xx_HAL_Driver/Src/stm32g0xx_hal_rcc_ex.o
 .comment       0x0000000000000053       0x54 ./Drivers/STM32G0xx_HAL_Driver/Src/stm32g0xx_hal_uart.o

.debug_frame    0x0000000000000000     0x24b0
 .debug_frame   0x0000000000000000      0x150 ./Core/Src/bmp180_for_stm32_hal.o
 .debug_frame   0x0000000000000150       0xc0 ./Core/Src/main.o
 .debug_frame   0x0000000000000210       0x70 ./Core/Src/pr.o
 .debug_frame   0x0000000000000280       0xb0 ./Core/Src/stm32g0xx_hal_msp.o
 .debug_frame   0x0000000000000330       0x9c ./Core/Src/stm32g0xx_it.o
 .debug_frame   0x00000000000003cc       0x4c ./Core/Src/system_stm32g0xx.o
 .debug_frame   0x0000000000000418      0x360 ./Drivers/STM32G0xx_HAL_Driver/Src/stm32g0xx_hal.o
 .debug_frame   0x0000000000000778      0x2fc ./Drivers/STM32G0xx_HAL_Driver/Src/stm32g0xx_hal_cortex.o
 .debug_frame   0x0000000000000a74      0x130 ./Drivers/STM32G0xx_HAL_Driver/Src/stm32g0xx_hal_gpio.o
 .debug_frame   0x0000000000000ba4      0xa24 ./Drivers/STM32G0xx_HAL_Driver/Src/stm32g0xx_hal_i2c.o
 .debug_frame   0x00000000000015c8       0xd0 ./Drivers/STM32G0xx_HAL_Driver/Src/stm32g0xx_hal_i2c_ex.o
 .debug_frame   0x0000000000001698      0x1f4 ./Drivers/STM32G0xx_HAL_Driver/Src/stm32g0xx_hal_pwr_ex.o
 .debug_frame   0x000000000000188c      0x214 ./Drivers/STM32G0xx_HAL_Driver/Src/stm32g0xx_hal_rcc.o
 .debug_frame   0x0000000000001aa0       0xb0 ./Drivers/STM32G0xx_HAL_Driver/Src/stm32g0xx_hal_rcc_ex.o
 .debug_frame   0x0000000000001b50      0x8d4 ./Drivers/STM32G0xx_HAL_Driver/Src/stm32g0xx_hal_uart.o
 .debug_frame   0x0000000000002424       0x2c /home/andrlv/STM32/STM32CubeIDE/plugins/com.st.stm32cube.ide.mcu.externaltools.gnu-tools-for-stm32.9-2020-q2-update.linux64_2.0.0.202105311346/tools/bin/../lib/gcc/arm-none-eabi/9.3.1/../../../../arm-none-eabi/lib/thumb/v6-m/nofp/libc_nano.a(lib_a-init.o)
 .debug_frame   0x0000000000002450       0x20 /home/andrlv/STM32/STM32CubeIDE/plugins/com.st.stm32cube.ide.mcu.externaltools.gnu-tools-for-stm32.9-2020-q2-update.linux64_2.0.0.202105311346/tools/bin/../lib/gcc/arm-none-eabi/9.3.1/../../../../arm-none-eabi/lib/thumb/v6-m/nofp/libc_nano.a(lib_a-memset.o)
 .debug_frame   0x0000000000002470       0x20 /home/andrlv/STM32/STM32CubeIDE/plugins/com.st.stm32cube.ide.mcu.externaltools.gnu-tools-for-stm32.9-2020-q2-update.linux64_2.0.0.202105311346/tools/bin/../lib/gcc/arm-none-eabi/9.3.1/thumb/v6-m/nofp/libgcc.a(_udivsi3.o)
 .debug_frame   0x0000000000002490       0x20 /home/andrlv/STM32/STM32CubeIDE/plugins/com.st.stm32cube.ide.mcu.externaltools.gnu-tools-for-stm32.9-2020-q2-update.linux64_2.0.0.202105311346/tools/bin/../lib/gcc/arm-none-eabi/9.3.1/thumb/v6-m/nofp/libgcc.a(_divsi3.o)
